This file contains any messages produced by compilers while
running configure, to aid debugging if configure makes a mistake.

configure:611: checking host system type
configure:632: checking target system type
configure:650: checking build system type
configure:705: checking for a BSD compatible install
configure:758: checking whether ln works
configure:782: checking whether ln -s works
configure:1867: checking for gcc
configure:1897: checking for cc
configure:1980: checking whether the C compiler (cc  ) works
configure:1996: cc -o conftest    conftest.c  1>&5
configure:1993:1: warning: type specifier missing, defaults to 'int'; ISO C99 and later do not support implicit int [-Wimplicit-int]
 1993 | main(){return(0);}
      | ^
      | int
1 warning generated.
configure:2022: checking whether the C compiler (cc  ) is a cross-compiler
configure:2027: checking whether we are using GNU C
configure:2036: cc -E conftest.c
configure:2055: checking whether cc accepts -g
configure:2122: checking for gnatbind
configure:2187: checking whether compiler driver understands Ada
configure:2219: checking how to compare bootstrapped objects
configure:2317: checking for correct version of gmp.h
configure:2330: cc -c -g -O2   conftest.c 1>&5
configure:2320:10: fatal error: 'gmp.h' file not found
 2320 | #include "gmp.h"
      |          ^~~~~~~
1 error generated.
configure: failed program was:
#line 2319 "configure"
#include "confdefs.h"
#include "gmp.h"
int main() {

#if __GNU_MP_VERSION < 3
choke me
#endif

; return 0; }
configure:3407: checking for bison
configure:3407: checking for byacc
configure:3407: checking for yacc
configure:3447: checking for bison
configure:3486: checking for gm4
configure:3486: checking for gnum4
configure:3486: checking for m4
configure:3525: checking for flex
configure:3565: checking for flex
configure:3604: checking for makeinfo
configure:3657: checking for expect
configure:3698: checking for runtest
configure:3746: checking for amd64-unknown-iabsd0.1-ar
configure:3777: checking for ar
configure:3821: checking for amd64-unknown-iabsd0.1-as
configure:3852: checking for as
configure:3896: checking for amd64-unknown-iabsd0.1-dlltool
configure:3927: checking for dlltool
configure:3971: checking for amd64-unknown-iabsd0.1-ld
configure:4046: checking for amd64-unknown-iabsd0.1-lipo
configure:4077: checking for lipo
configure:4121: checking for amd64-unknown-iabsd0.1-nm
configure:4152: checking for nm
configure:4196: checking for amd64-unknown-iabsd0.1-ranlib
configure:4227: checking for ranlib
configure:4266: checking for amd64-unknown-iabsd0.1-strip
configure:4297: checking for strip
configure:4336: checking for amd64-unknown-iabsd0.1-windres
configure:4367: checking for windres
configure:4411: checking for amd64-unknown-iabsd0.1-objcopy
configure:4442: checking for objcopy
configure:4486: checking for amd64-unknown-iabsd0.1-objdump
configure:4517: checking for objdump
configure:4598: checking for amd64-unknown-iabsd0.1-cc
configure:4629: checking for cc
configure:4689: checking for amd64-unknown-iabsd0.1-c++
configure:4720: checking for c++
configure:4780: checking for amd64-unknown-iabsd0.1-gcc
configure:4811: checking for gcc
configure:4866: checking for amd64-unknown-iabsd0.1-gcj
configure:4897: checking for gcj
configure:4957: checking for amd64-unknown-iabsd0.1-gfortran
configure:4988: checking for gfortran
configure:5113: checking for ar
configure:5167: checking for amd64-unknown-iabsd0.1-ar
configure:5198: checking for ar
configure:5266: checking for as
configure:5320: checking for amd64-unknown-iabsd0.1-as
configure:5351: checking for as
configure:5419: checking for dlltool
configure:5473: checking for amd64-unknown-iabsd0.1-dlltool
configure:5504: checking for dlltool
configure:5572: checking for ld
configure:5626: checking for amd64-unknown-iabsd0.1-ld
configure:5657: checking for ld
configure:5725: checking for lipo
configure:5779: checking for amd64-unknown-iabsd0.1-lipo
configure:5810: checking for lipo
configure:5878: checking for nm
configure:5932: checking for amd64-unknown-iabsd0.1-nm
configure:5963: checking for nm
configure:6031: checking for objdump
configure:6085: checking for amd64-unknown-iabsd0.1-objdump
configure:6116: checking for objdump
configure:6184: checking for ranlib
configure:6238: checking for amd64-unknown-iabsd0.1-ranlib
configure:6269: checking for ranlib
configure:6337: checking for strip
configure:6391: checking for amd64-unknown-iabsd0.1-strip
configure:6422: checking for strip
configure:6490: checking for windres
configure:6544: checking for amd64-unknown-iabsd0.1-windres
configure:6575: checking for windres
configure:6623: checking where to find the target ar
configure:6656: checking where to find the target as
configure:6689: checking where to find the target cc
configure:6722: checking where to find the target c++
configure:6758: checking where to find the target c++ for libstdc++
configure:6794: checking where to find the target dlltool
configure:6827: checking where to find the target gcc
configure:6860: checking where to find the target gcj
configure:6896: checking where to find the target gfortran
configure:6932: checking where to find the target ld
configure:6965: checking where to find the target lipo
configure:6988: checking where to find the target nm
configure:7021: checking where to find the target objdump
configure:7054: checking where to find the target ranlib
configure:7087: checking where to find the target strip
configure:7120: checking where to find the target windres
configure:7181: checking whether to enable maintainer-specific portions of Makefiles
